// Jest Snapshot v1, https://goo.gl/fbAQLP

exports[`Characters matches a snapshop 1`] = `
<ul>
  <li
    key="Helga G. Pataki"
  >
    <Link
      to="/Helga G. Pataki"
    >
      <Character
        name="Helga G. Pataki"
        url="https://vignette.wikia.nocookie.net/heyarnold/images/e/e5/Helga_Pataki.png/revision/latest/scale-to-width-down/266?cb=20190816021807"
      />
    </Link>
  </li>
  <li
    key="Shelley"
  >
    <Link
      to="/Shelley"
    >
      <Character
        name="Shelley"
        url="https://vignette.wikia.nocookie.net/heyarnold/images/c/cb/Shelley.jpg/revision/latest/scale-to-width-down/310?cb=20120527025256"
      />
    </Link>
  </li>
</ul>
`;
