// Jest Snapshot v1, https://goo.gl/fbAQLP

exports[`App component renders App 1`] = `
<Characters
  characters={
    Array [
      Object {
        "id": "5da237699734fdcb7bef8f63",
        "name": "Helga G. Pataki",
        "url": "https://vignette.wikia.nocookie.net/heyarnold/images/e/e5/Helga_Pataki.png/revision/latest/scale-to-width-down/266?cb=20190816021807",
      },
      Object {
        "id": "5da237699734fdcb7bef8f8b",
        "name": "Shelley",
        "url": "https://vignette.wikia.nocookie.net/heyarnold/images/c/cb/Shelley.jpg/revision/latest/scale-to-width-down/310?cb=20120527025256",
      },
    ]
  }
/>
`;
